[32mâ–ˆ[0m [33m[0.00s][0m long lines
[32mâ”ƒ[0m abcabcabcabcabcabcabcabcabcabcabcabcabcabcabcabcabcabcabcabcabcabcabcabcabcabcabcabcabcabcabcabcabcabcabcabcabcabcabcabcabcabcabcabcabcabcabcabcabcabcabcabcabcabcabcabcabcabcabcabcabcabcabcabcabcabcab[0m
[32mâ”»[0m 
