[32mâ–ˆ[0m [33m[0.00s][0m long lines
[32mâ”ƒ[0m abcabcabcabcabcabcabcabcabcabcabcabcabcabcabcabcabcabcabcabcabcabcabcabcabcabc[0m
[32mâ–ˆ[0m [33m[0.00s][0m more long lines
[32mâ”ƒ[0m abcabcabcabcabcabcabcabcabcabcabcabcabcabcabcabcabcabcabcabcabcabcabcabcabcabc[0m
[32mâ”ƒ[0m cabcabcabcabcabcabcabcabcabcabcabcabcabcabcabcabcabcabcabcabcabcabcabcabcabcab[0m
[32mâ”ƒ[0m bcabcabcabcabcabcabcabcabcabcabcabcabcab                                      [0m
[32mâ”»[0m 
